
Allocating common symbols
Common symbol       size              file

P_main_ptr          0x4               main_algorithm.o
alarmPtr            0x4               Alarm_monitor.o

Memory Configuration

Name             Origin             Length             Attributes
flash            0x08000000         0x00020000         xr
sram             0x20000000         0x00005000         xrw
*default*        0x00000000         0xffffffff

Linker script and memory map


.text           0x08000000      0x1f4
 *(.vectors*)
 *(.text*)
 .text          0x08000000       0x3c main.o
                0x08000000                main
 .text          0x0800003c       0x68 main_algorithm.o
                0x0800003c                waiting
                0x08000088                High_pressure_detected
 .text          0x080000a4      0x10c driver.o
                0x080000a4                Delay
                0x080000c8                getPressureVal
                0x080000e0                Set_Alarm_actuator
                0x08000130                GPIO_INITIALIZATION
 .text          0x080001b0       0x44 Alarm_monitor.o
                0x080001b0                Start_alarm
                0x080001e4                Stop_alarm
 *(.rodata)
                0x080001f4                . = ALIGN (0x4)
                0x080001f4                _E_text = .

.glue_7         0x080001f4        0x0
 .glue_7        0x00000000        0x0 linker stubs

.glue_7t        0x080001f4        0x0
 .glue_7t       0x00000000        0x0 linker stubs

.vfp11_veneer   0x080001f4        0x0
 .vfp11_veneer  0x00000000        0x0 linker stubs

.v4_bx          0x080001f4        0x0
 .v4_bx         0x00000000        0x0 linker stubs

.iplt           0x080001f4        0x0
 .iplt          0x00000000        0x0 main.o

.rel.dyn        0x080001f4        0x0
 .rel.iplt      0x00000000        0x0 main.o

.data           0x20000000        0x0 load address 0x080001f4
                0x20000000                . = ALIGN (0x4)
                0x20000000                _S_DATA = .
 *(.data)
 .data          0x20000000        0x0 main.o
 .data          0x20000000        0x0 main_algorithm.o
 .data          0x20000000        0x0 driver.o
 .data          0x20000000        0x0 Alarm_monitor.o
                0x20000000                . = ALIGN (0x4)
                0x20000000                _E_DATA = .

.igot.plt       0x20000000        0x0 load address 0x080001f4
 .igot.plt      0x00000000        0x0 main.o

.bss            0x20000000        0xc load address 0x080001f4
                0x20000000                . = ALIGN (0x4)
                0x20000000                _S_bss = .
 *(.bss*)
 .bss           0x20000000        0x0 main.o
 .bss           0x20000000        0x4 main_algorithm.o
 .bss           0x20000004        0x0 driver.o
 .bss           0x20000004        0x0 Alarm_monitor.o
                0x20000004                . = ALIGN (0x4)
 *(COMMON*)
 COMMON         0x20000004        0x4 main_algorithm.o
                0x20000004                P_main_ptr
 COMMON         0x20000008        0x4 Alarm_monitor.o
                0x20000008                alarmPtr
                0x2000000c                . = ALIGN (0x4)
                0x2000000c                _E_bss = .
                0x2000000c                . = ALIGN (0x4)
                0x2000100c                . = (. + 0x1000)
                0x2000100c                _stack_top = .
LOAD main.o
LOAD main_algorithm.o
LOAD driver.o
LOAD Alarm_monitor.o
OUTPUT(pressure_detected_project.elf elf32-littlearm)

.debug_info     0x00000000      0x348
 .debug_info    0x00000000       0xae main.o
 .debug_info    0x000000ae       0xd4 main_algorithm.o
 .debug_info    0x00000182      0x103 driver.o
 .debug_info    0x00000285       0xc3 Alarm_monitor.o

.debug_abbrev   0x00000000      0x1e2
 .debug_abbrev  0x00000000       0x6a main.o
 .debug_abbrev  0x0000006a       0x75 main_algorithm.o
 .debug_abbrev  0x000000df       0x9d driver.o
 .debug_abbrev  0x0000017c       0x66 Alarm_monitor.o

.debug_loc      0x00000000      0x1a4
 .debug_loc     0x00000000       0x2c main.o
 .debug_loc     0x0000002c       0x58 main_algorithm.o
 .debug_loc     0x00000084       0xc8 driver.o
 .debug_loc     0x0000014c       0x58 Alarm_monitor.o

.debug_aranges  0x00000000       0x80
 .debug_aranges
                0x00000000       0x20 main.o
 .debug_aranges
                0x00000020       0x20 main_algorithm.o
 .debug_aranges
                0x00000040       0x20 driver.o
 .debug_aranges
                0x00000060       0x20 Alarm_monitor.o

.debug_line     0x00000000      0x189
 .debug_line    0x00000000       0x5a main.o
 .debug_line    0x0000005a       0x51 main_algorithm.o
 .debug_line    0x000000ab       0x99 driver.o
 .debug_line    0x00000144       0x45 Alarm_monitor.o

.debug_str      0x00000000      0x190
 .debug_str     0x00000000       0xd5 main.o
                                0x10e (size before relaxing)
 .debug_str     0x000000d5       0x36 main_algorithm.o
                                0x138 (size before relaxing)
 .debug_str     0x0000010b       0x55 driver.o
                                0x14c (size before relaxing)
 .debug_str     0x00000160       0x30 Alarm_monitor.o
                                0x127 (size before relaxing)

.comment        0x00000000       0x11
 .comment       0x00000000       0x11 main.o
                                 0x12 (size before relaxing)
 .comment       0x00000000       0x12 main_algorithm.o
 .comment       0x00000000       0x12 driver.o
 .comment       0x00000000       0x12 Alarm_monitor.o

.ARM.attributes
                0x00000000       0x33
 .ARM.attributes
                0x00000000       0x33 main.o
 .ARM.attributes
                0x00000033       0x33 main_algorithm.o
 .ARM.attributes
                0x00000066       0x33 driver.o
 .ARM.attributes
                0x00000099       0x33 Alarm_monitor.o

.debug_frame    0x00000000      0x134
 .debug_frame   0x00000000       0x2c main.o
 .debug_frame   0x0000002c       0x48 main_algorithm.o
 .debug_frame   0x00000074       0x78 driver.o
 .debug_frame   0x000000ec       0x48 Alarm_monitor.o
